[2026-09-30T01:21:55.609+0700] {local_task_job_runner.py:123} INFO - ::group::Pre task execution logs
[2026-09-30T01:21:55.648+0700] {taskinstance.py:2614} INFO - Dependencies all met for dep_context=non-requeueable deps ti=<TaskInstance: banking_bronze_silver_gold.bronze_dq bootstrap_first_run [queued]>
[2026-09-30T01:21:55.663+0700] {taskinstance.py:2614} INFO - Dependencies all met for dep_context=requeueable deps ti=<TaskInstance: banking_bronze_silver_gold.bronze_dq bootstrap_first_run [queued]>
[2026-09-30T01:21:55.664+0700] {taskinstance.py:2867} INFO - Starting attempt 1 of 3
[2026-09-30T01:21:55.684+0700] {taskinstance.py:2890} INFO - Executing <Task(BashOperator): bronze_dq> on 2026-09-29 18:20:55+00:00
[2026-09-30T01:21:55.690+0700] {standard_task_runner.py:72} INFO - Started process 1152 to run task
[2026-09-30T01:21:55.693+0700] {standard_task_runner.py:104} INFO - Running: ['airflow', 'tasks', 'run', 'banking_bronze_silver_gold', 'bronze_dq', 'bootstrap_first_run', '--job-id', '16', '--raw', '--subdir', 'DAGS_FOLDER/banking_data_pipeline.py', '--cfg-path', '/tmp/tmp2v9a2qbv']
[2026-09-30T01:21:55.696+0700] {standard_task_runner.py:105} INFO - Job 16: Subtask bronze_dq
[2026-09-30T01:21:55.759+0700] {task_command.py:467} INFO - Running <TaskInstance: banking_bronze_silver_gold.bronze_dq bootstrap_first_run [running]> on host 9b9f40ad5c30
[2026-09-30T01:21:55.924+0700] {taskinstance.py:3134} INFO - Exporting env vars: AIRFLOW_CTX_DAG_OWNER='data-platform' AIRFLOW_CTX_DAG_ID='banking_bronze_silver_gold' AIRFLOW_CTX_TASK_ID='bronze_dq' AIRFLOW_CTX_EXECUTION_DATE='2026-09-29T18:20:55+00:00' AIRFLOW_CTX_TRY_NUMBER='1' AIRFLOW_CTX_DAG_RUN_ID='bootstrap_first_run'
[2026-09-30T01:21:55.926+0700] {taskinstance.py:732} INFO - ::endgroup::
[2026-09-30T01:21:55.959+0700] {subprocess.py:78} INFO - Tmp dir root location: /tmp
[2026-09-30T01:21:55.960+0700] {subprocess.py:88} INFO - Running command: ['/usr/bin/bash', '-c', "spark-submit --master $SPARK_MASTER_URL /workspace/data_engineering/jobs/pipeline.py bronze-dq --batch-id 'bootstrap_first_run'"]
[2026-09-30T01:21:55.970+0700] {subprocess.py:99} INFO - Output:
[2026-09-30T01:21:56.039+0700] {subprocess.py:106} INFO - /home/airflow/.local/lib/python3.11/site-packages/pyspark/bin/load-spark-env.sh: line 68: ps: command not found
[2026-09-30T01:22:00.031+0700] {subprocess.py:106} INFO - 26/09/30 01:22:00 INFO SparkContext: Running Spark version 3.5.5
[2026-09-30T01:22:00.034+0700] {subprocess.py:106} INFO - 26/09/30 01:22:00 INFO SparkContext: OS info Linux, 6.18.33.2-microsoft-standard-WSL2, amd64
[2026-09-30T01:22:00.035+0700] {subprocess.py:106} INFO - 26/09/30 01:22:00 INFO SparkContext: Java version 17.0.20.1
[2026-09-30T01:22:00.143+0700] {subprocess.py:106} INFO - 26/09/30 01:22:00 WARN NativeCodeLoader: Unable to load native-hadoop library for your platform... using builtin-java classes where applicable
[2026-09-30T01:22:00.270+0700] {subprocess.py:106} INFO - 26/09/30 01:22:00 INFO ResourceUtils: ==============================================================
[2026-09-30T01:22:00.271+0700] {subprocess.py:106} INFO - 26/09/30 01:22:00 INFO ResourceUtils: No custom resources configured for spark.driver.
[2026-09-30T01:22:00.273+0700] {subprocess.py:106} INFO - 26/09/30 01:22:00 INFO ResourceUtils: ==============================================================
[2026-09-30T01:22:00.275+0700] {subprocess.py:106} INFO - 26/09/30 01:22:00 INFO SparkContext: Submitted application: bronze-validation
[2026-09-30T01:22:00.301+0700] {subprocess.py:106} INFO - 26/09/30 01:22:00 INFO ResourceProfile: Default ResourceProfile created, executor resources: Map(memory -> name: memory, amount: 1024, script: , vendor: , offHeap -> name: offHeap, amount: 0, script: , vendor: ), task resources: Map(cpus -> name: cpus, amount: 1.0)
[2026-09-30T01:22:00.310+0700] {subprocess.py:106} INFO - 26/09/30 01:22:00 INFO ResourceProfile: Limiting resource is cpu
[2026-09-30T01:22:00.313+0700] {subprocess.py:106} INFO - 26/09/30 01:22:00 INFO ResourceProfileManager: Added ResourceProfile id: 0
[2026-09-30T01:22:00.377+0700] {subprocess.py:106} INFO - 26/09/30 01:22:00 INFO SecurityManager: Changing view acls to: airflow
[2026-09-30T01:22:00.378+0700] {subprocess.py:106} INFO - 26/09/30 01:22:00 INFO SecurityManager: Changing modify acls to: airflow
[2026-09-30T01:22:00.378+0700] {subprocess.py:106} INFO - 26/09/30 01:22:00 INFO SecurityManager: Changing view acls groups to:
[2026-09-30T01:22:00.382+0700] {subprocess.py:106} INFO - 26/09/30 01:22:00 INFO SecurityManager: Changing modify acls groups to:
[2026-09-30T01:22:00.383+0700] {subprocess.py:106} INFO - 26/09/30 01:22:00 INFO SecurityManager: SecurityManager: authentication disabled; ui acls disabled; users with view permissions: airflow; groups with view permissions: EMPTY; users with modify permissions: airflow; groups with modify permissions: EMPTY
[2026-09-30T01:22:00.759+0700] {subprocess.py:106} INFO - 26/09/30 01:22:00 INFO Utils: Successfully started service 'sparkDriver' on port 35835.
[2026-09-30T01:22:00.814+0700] {subprocess.py:106} INFO - 26/09/30 01:22:00 INFO SparkEnv: Registering MapOutputTracker
[2026-09-30T01:22:00.858+0700] {subprocess.py:106} INFO - 26/09/30 01:22:00 INFO SparkEnv: Registering BlockManagerMaster
[2026-09-30T01:22:00.879+0700] {subprocess.py:106} INFO - 26/09/30 01:22:00 INFO BlockManagerMasterEndpoint: Using org.apache.spark.storage.DefaultTopologyMapper for getting topology information
[2026-09-30T01:22:00.879+0700] {subprocess.py:106} INFO - 26/09/30 01:22:00 INFO BlockManagerMasterEndpoint: BlockManagerMasterEndpoint up
[2026-09-30T01:22:00.885+0700] {subprocess.py:106} INFO - 26/09/30 01:22:00 INFO SparkEnv: Registering BlockManagerMasterHeartbeat
[2026-09-30T01:22:00.915+0700] {subprocess.py:106} INFO - 26/09/30 01:22:00 INFO DiskBlockManager: Created local directory at /tmp/blockmgr-38b74b55-5062-421c-8f58-69d139318346
[2026-09-30T01:22:00.932+0700] {subprocess.py:106} INFO - 26/09/30 01:22:00 INFO MemoryStore: MemoryStore started with capacity 434.4 MiB
[2026-09-30T01:22:00.962+0700] {subprocess.py:106} INFO - 26/09/30 01:22:00 INFO SparkEnv: Registering OutputCommitCoordinator
[2026-09-30T01:22:01.189+0700] {subprocess.py:106} INFO - 26/09/30 01:22:01 INFO JettyUtils: Start Jetty 0.0.0.0:4040 for SparkUI
[2026-09-30T01:22:01.283+0700] {subprocess.py:106} INFO - 26/09/30 01:22:01 INFO Utils: Successfully started service 'SparkUI' on port 4040.
[2026-09-30T01:22:01.508+0700] {subprocess.py:106} INFO - 26/09/30 01:22:01 INFO StandaloneAppClient$ClientEndpoint: Connecting to master spark://spark-master:7077...
[2026-09-30T01:22:01.576+0700] {subprocess.py:106} INFO - 26/09/30 01:22:01 INFO TransportClientFactory: Successfully created connection to spark-master/172.21.0.5:7077 after 34 ms (0 ms spent in bootstraps)
[2026-09-30T01:22:01.688+0700] {subprocess.py:106} INFO - 26/09/30 01:22:01 INFO StandaloneSchedulerBackend: Connected to Spark cluster with app ID app-20260929182201-0003
[2026-09-30T01:22:01.694+0700] {subprocess.py:106} INFO - 26/09/30 01:22:01 INFO StandaloneAppClient$ClientEndpoint: Executor added: app-20260929182201-0003/0 on worker-20260929181947-172.21.0.6-33617 (172.21.0.6:33617) with 2 core(s)
[2026-09-30T01:22:01.703+0700] {subprocess.py:106} INFO - 26/09/30 01:22:01 INFO StandaloneSchedulerBackend: Granted executor ID app-20260929182201-0003/0 on hostPort 172.21.0.6:33617 with 2 core(s), 1024.0 MiB RAM
[2026-09-30T01:22:01.714+0700] {subprocess.py:106} INFO - 26/09/30 01:22:01 INFO Utils: Successfully started service 'org.apache.spark.network.netty.NettyBlockTransferService' on port 40779.
[2026-09-30T01:22:01.715+0700] {subprocess.py:106} INFO - 26/09/30 01:22:01 INFO NettyBlockTransferService: Server created on 9b9f40ad5c30:40779
[2026-09-30T01:22:01.728+0700] {subprocess.py:106} INFO - 26/09/30 01:22:01 INFO BlockManager: Using org.apache.spark.storage.RandomBlockReplicationPolicy for block replication policy
[2026-09-30T01:22:01.742+0700] {subprocess.py:106} INFO - 26/09/30 01:22:01 INFO BlockManagerMaster: Registering BlockManager BlockManagerId(driver, 9b9f40ad5c30, 40779, None)
[2026-09-30T01:22:01.748+0700] {subprocess.py:106} INFO - 26/09/30 01:22:01 INFO BlockManagerMasterEndpoint: Registering block manager 9b9f40ad5c30:40779 with 434.4 MiB RAM, BlockManagerId(driver, 9b9f40ad5c30, 40779, None)
[2026-09-30T01:22:01.752+0700] {subprocess.py:106} INFO - 26/09/30 01:22:01 INFO BlockManagerMaster: Registered BlockManager BlockManagerId(driver, 9b9f40ad5c30, 40779, None)
[2026-09-30T01:22:01.754+0700] {subprocess.py:106} INFO - 26/09/30 01:22:01 INFO BlockManager: Initialized BlockManager: BlockManagerId(driver, 9b9f40ad5c30, 40779, None)
[2026-09-30T01:22:01.835+0700] {subprocess.py:106} INFO - 26/09/30 01:22:01 INFO StandaloneAppClient$ClientEndpoint: Executor updated: app-20260929182201-0003/0 is now RUNNING
[2026-09-30T01:22:02.254+0700] {subprocess.py:106} INFO - 26/09/30 01:22:02 INFO StandaloneSchedulerBackend: SchedulerBackend is ready for scheduling beginning after reached minRegisteredResourcesRatio: 0.0
[2026-09-30T01:22:04.928+0700] {subprocess.py:106} INFO - 26/09/30 01:22:04 WARN MetricsConfig: Cannot locate configuration: tried hadoop-metrics2-s3a-file-system.properties,hadoop-metrics2.properties
[2026-09-30T01:22:27.670+0700] {subprocess.py:106} INFO - INFO:root:pipeline_stage_success stage=bronze-dq batch_id=bootstrap_first_run metrics={"branch": {"rows": 13, "null_primary_keys": 0, "missing_columns": [], "path": "s3a://bronze/postgres/branch/batch_id=bootstrap_first_run"}, "customer": {"rows": 2503, "null_primary_keys": 0, "missing_columns": [], "path": "s3a://bronze/postgres/customer/batch_id=bootstrap_first_run"}, "customer_device": {"rows": 3001, "null_primary_keys": 0, "missing_columns": [], "path": "s3a://bronze/postgres/customer_device/batch_id=bootstrap_first_run"}, "login_event": {"rows": 3100, "null_primary_keys": 0, "missing_columns": [], "path": "s3a://bronze/postgres/login_event/batch_id=bootstrap_first_run"}, "account_type": {"rows": 5, "null_primary_keys": 0, "missing_columns": [], "path": "s3a://bronze/postgres/account_type/batch_id=bootstrap_first_run"}, "bank_account": {"rows": 3002, "null_primary_keys": 0, "missing_columns": [], "path": "s3a://bronze/postgres/bank_account/batch_id=bootstrap_first_run"}, "account_holder": {"rows": 3002, "null_primary_keys": 0, "missing_columns": [], "path": "s3a://bronze/postgres/account_holder/batch_id=bootstrap_first_run"}, "transaction_type": {"rows": 6, "null_primary_keys": 0, "missing_columns": [], "path": "s3a://bronze/postgres/transaction_type/batch_id=bootstrap_first_run"}, "bank_transaction": {"rows": 3009, "null_primary_keys": 0, "missing_columns": [], "path": "s3a://bronze/postgres/bank_transaction/batch_id=bootstrap_first_run"}, "transfer_request": {"rows": 1209, "null_primary_keys": 0, "missing_columns": [], "path": "s3a://bronze/postgres/transfer_request/batch_id=bootstrap_first_run"}, "transaction_posting": {"rows": 3210, "null_primary_keys": 0, "missing_columns": [], "path": "s3a://bronze/postgres/transaction_posting/batch_id=bootstrap_first_run"}, "loan_type": {"rows": 4, "null_primary_keys": 0, "missing_columns": [], "path": "s3a://bronze/postgres/loan_type/batch_id=bootstrap_first_run"}, "loan": {"rows": 300, "null_primary_keys": 0, "missing_columns": [], "path": "s3a://bronze/postgres/loan/batch_id=bootstrap_first_run"}, "repayment_schedule": {"rows": 700, "null_primary_keys": 0, "missing_columns": [], "path": "s3a://bronze/postgres/repayment_schedule/batch_id=bootstrap_first_run"}, "loan_payment": {"rows": 250, "null_primary_keys": 0, "missing_columns": [], "path": "s3a://bronze/postgres/loan_payment/batch_id=bootstrap_first_run"}, "model_version": {"rows": 4, "null_primary_keys": 0, "missing_columns": [], "path": "s3a://bronze/postgres/model_version/batch_id=bootstrap_first_run"}, "risk_assessment": {"rows": 1509, "null_primary_keys": 0, "missing_columns": [], "path": "s3a://bronze/postgres/risk_assessment/batch_id=bootstrap_first_run"}, "review_case": {"rows": 101, "null_primary_keys": 0, "missing_columns": [], "path": "s3a://bronze/postgres/review_case/batch_id=bootstrap_first_run"}, "fraud_label_event": {"rows": 300, "null_primary_keys": 0, "missing_columns": [], "path": "s3a://bronze/postgres/fraud_label_event/batch_id=bootstrap_first_run"}, "event_outbox": {"rows": 505, "null_primary_keys": 0, "missing_columns": [], "path": "s3a://bronze/postgres/event_outbox/batch_id=bootstrap_first_run"}}
[2026-09-30T01:22:27.681+0700] {subprocess.py:106} INFO - INFO:py4j.clientserver:Closing down clientserver connection
[2026-09-30T01:22:28.006+0700] {subprocess.py:110} INFO - Command exited with return code 0
[2026-09-30T01:22:28.047+0700] {taskinstance.py:341} INFO - ::group::Post task execution logs
[2026-09-30T01:22:28.048+0700] {taskinstance.py:353} INFO - Marking task as SUCCESS. dag_id=banking_bronze_silver_gold, task_id=bronze_dq, run_id=bootstrap_first_run, execution_date=20260929T182055, start_date=20260929T182155, end_date=20260929T182228
[2026-09-30T01:22:28.119+0700] {local_task_job_runner.py:266} INFO - Task exited with return code 0
[2026-09-30T01:22:28.154+0700] {taskinstance.py:3901} INFO - 1 downstream tasks scheduled from follow-on schedule check
[2026-09-30T01:22:28.156+0700] {local_task_job_runner.py:245} INFO - ::endgroup::
