[2026-09-30T01:20:19.942+0700] {local_task_job_runner.py:123} INFO - ::group::Pre task execution logs
[2026-09-30T01:20:19.964+0700] {taskinstance.py:2614} INFO - Dependencies all met for dep_context=non-requeueable deps ti=<TaskInstance: banking_bronze_silver_gold.check_dependencies scheduled__2026-09-28T18:00:00+00:00 [queued]>
[2026-09-30T01:20:19.975+0700] {taskinstance.py:2614} INFO - Dependencies all met for dep_context=requeueable deps ti=<TaskInstance: banking_bronze_silver_gold.check_dependencies scheduled__2026-09-28T18:00:00+00:00 [queued]>
[2026-09-30T01:20:19.975+0700] {taskinstance.py:2867} INFO - Starting attempt 1 of 3
[2026-09-30T01:20:19.989+0700] {taskinstance.py:2890} INFO - Executing <Task(BashOperator): check_dependencies> on 2026-09-28 18:00:00+00:00
[2026-09-30T01:20:19.996+0700] {standard_task_runner.py:72} INFO - Started process 178 to run task
[2026-09-30T01:20:20.004+0700] {standard_task_runner.py:104} INFO - Running: ['airflow', 'tasks', 'run', 'banking_bronze_silver_gold', 'check_dependencies', 'scheduled__2026-09-28T18:00:00+00:00', '--job-id', '13', '--raw', '--subdir', 'DAGS_FOLDER/banking_data_pipeline.py', '--cfg-path', '/tmp/tmpiwcowxoo']
[2026-09-30T01:20:20.007+0700] {standard_task_runner.py:105} INFO - Job 13: Subtask check_dependencies
[2026-09-30T01:20:20.076+0700] {task_command.py:467} INFO - Running <TaskInstance: banking_bronze_silver_gold.check_dependencies scheduled__2026-09-28T18:00:00+00:00 [running]> on host 9b9f40ad5c30
[2026-09-30T01:20:20.182+0700] {taskinstance.py:3134} INFO - Exporting env vars: AIRFLOW_CTX_DAG_OWNER='data-platform' AIRFLOW_CTX_DAG_ID='banking_bronze_silver_gold' AIRFLOW_CTX_TASK_ID='check_dependencies' AIRFLOW_CTX_EXECUTION_DATE='2026-09-28T18:00:00+00:00' AIRFLOW_CTX_TRY_NUMBER='1' AIRFLOW_CTX_DAG_RUN_ID='scheduled__2026-09-28T18:00:00+00:00'
[2026-09-30T01:20:20.183+0700] {taskinstance.py:732} INFO - ::endgroup::
[2026-09-30T01:20:20.222+0700] {subprocess.py:78} INFO - Tmp dir root location: /tmp
[2026-09-30T01:20:20.222+0700] {subprocess.py:88} INFO - Running command: ['/usr/bin/bash', '-c', "spark-submit --master $SPARK_MASTER_URL /workspace/data_engineering/jobs/pipeline.py check --batch-id 'scheduled__2026-09-28T18_00_00_00_00'"]
[2026-09-30T01:20:20.232+0700] {subprocess.py:99} INFO - Output:
[2026-09-30T01:20:20.311+0700] {subprocess.py:106} INFO - /home/airflow/.local/lib/python3.11/site-packages/pyspark/bin/load-spark-env.sh: line 68: ps: command not found
[2026-09-30T01:20:24.330+0700] {subprocess.py:106} INFO - 26/09/30 01:20:24 INFO SparkContext: Running Spark version 3.5.5
[2026-09-30T01:20:24.332+0700] {subprocess.py:106} INFO - 26/09/30 01:20:24 INFO SparkContext: OS info Linux, 6.18.33.2-microsoft-standard-WSL2, amd64
[2026-09-30T01:20:24.333+0700] {subprocess.py:106} INFO - 26/09/30 01:20:24 INFO SparkContext: Java version 17.0.20.1
[2026-09-30T01:20:24.428+0700] {subprocess.py:106} INFO - 26/09/30 01:20:24 WARN NativeCodeLoader: Unable to load native-hadoop library for your platform... using builtin-java classes where applicable
[2026-09-30T01:20:24.551+0700] {subprocess.py:106} INFO - 26/09/30 01:20:24 INFO ResourceUtils: ==============================================================
[2026-09-30T01:20:24.552+0700] {subprocess.py:106} INFO - 26/09/30 01:20:24 INFO ResourceUtils: No custom resources configured for spark.driver.
[2026-09-30T01:20:24.552+0700] {subprocess.py:106} INFO - 26/09/30 01:20:24 INFO ResourceUtils: ==============================================================
[2026-09-30T01:20:24.552+0700] {subprocess.py:106} INFO - 26/09/30 01:20:24 INFO SparkContext: Submitted application: pipeline-dependency-check
[2026-09-30T01:20:24.577+0700] {subprocess.py:106} INFO - 26/09/30 01:20:24 INFO ResourceProfile: Default ResourceProfile created, executor resources: Map(memory -> name: memory, amount: 1024, script: , vendor: , offHeap -> name: offHeap, amount: 0, script: , vendor: ), task resources: Map(cpus -> name: cpus, amount: 1.0)
[2026-09-30T01:20:24.584+0700] {subprocess.py:106} INFO - 26/09/30 01:20:24 INFO ResourceProfile: Limiting resource is cpu
[2026-09-30T01:20:24.585+0700] {subprocess.py:106} INFO - 26/09/30 01:20:24 INFO ResourceProfileManager: Added ResourceProfile id: 0
[2026-09-30T01:20:24.638+0700] {subprocess.py:106} INFO - 26/09/30 01:20:24 INFO SecurityManager: Changing view acls to: airflow
[2026-09-30T01:20:24.639+0700] {subprocess.py:106} INFO - 26/09/30 01:20:24 INFO SecurityManager: Changing modify acls to: airflow
[2026-09-30T01:20:24.640+0700] {subprocess.py:106} INFO - 26/09/30 01:20:24 INFO SecurityManager: Changing view acls groups to:
[2026-09-30T01:20:24.640+0700] {subprocess.py:106} INFO - 26/09/30 01:20:24 INFO SecurityManager: Changing modify acls groups to:
[2026-09-30T01:20:24.640+0700] {subprocess.py:106} INFO - 26/09/30 01:20:24 INFO SecurityManager: SecurityManager: authentication disabled; ui acls disabled; users with view permissions: airflow; groups with view permissions: EMPTY; users with modify permissions: airflow; groups with modify permissions: EMPTY
[2026-09-30T01:20:24.904+0700] {subprocess.py:106} INFO - 26/09/30 01:20:24 INFO Utils: Successfully started service 'sparkDriver' on port 37513.
[2026-09-30T01:20:24.961+0700] {subprocess.py:106} INFO - 26/09/30 01:20:24 INFO SparkEnv: Registering MapOutputTracker
[2026-09-30T01:20:25.021+0700] {subprocess.py:106} INFO - 26/09/30 01:20:25 INFO SparkEnv: Registering BlockManagerMaster
[2026-09-30T01:20:25.048+0700] {subprocess.py:106} INFO - 26/09/30 01:20:25 INFO BlockManagerMasterEndpoint: Using org.apache.spark.storage.DefaultTopologyMapper for getting topology information
[2026-09-30T01:20:25.050+0700] {subprocess.py:106} INFO - 26/09/30 01:20:25 INFO BlockManagerMasterEndpoint: BlockManagerMasterEndpoint up
[2026-09-30T01:20:25.061+0700] {subprocess.py:106} INFO - 26/09/30 01:20:25 INFO SparkEnv: Registering BlockManagerMasterHeartbeat
[2026-09-30T01:20:25.130+0700] {subprocess.py:106} INFO - 26/09/30 01:20:25 INFO DiskBlockManager: Created local directory at /tmp/blockmgr-cb72b196-f210-4495-806c-153bfd944c68
[2026-09-30T01:20:25.149+0700] {subprocess.py:106} INFO - 26/09/30 01:20:25 INFO MemoryStore: MemoryStore started with capacity 434.4 MiB
[2026-09-30T01:20:25.166+0700] {subprocess.py:106} INFO - 26/09/30 01:20:25 INFO SparkEnv: Registering OutputCommitCoordinator
[2026-09-30T01:20:25.311+0700] {subprocess.py:106} INFO - 26/09/30 01:20:25 INFO JettyUtils: Start Jetty 0.0.0.0:4040 for SparkUI
[2026-09-30T01:20:25.379+0700] {subprocess.py:106} INFO - 26/09/30 01:20:25 INFO Utils: Successfully started service 'SparkUI' on port 4040.
[2026-09-30T01:20:25.520+0700] {subprocess.py:106} INFO - 26/09/30 01:20:25 INFO StandaloneAppClient$ClientEndpoint: Connecting to master spark://spark-master:7077...
[2026-09-30T01:20:25.594+0700] {subprocess.py:106} INFO - 26/09/30 01:20:25 INFO TransportClientFactory: Successfully created connection to spark-master/172.21.0.5:7077 after 39 ms (0 ms spent in bootstraps)
[2026-09-30T01:20:25.823+0700] {subprocess.py:106} INFO - 26/09/30 01:20:25 INFO StandaloneSchedulerBackend: Connected to Spark cluster with app ID app-20260929182025-0000
[2026-09-30T01:20:25.843+0700] {subprocess.py:106} INFO - 26/09/30 01:20:25 INFO Utils: Successfully started service 'org.apache.spark.network.netty.NettyBlockTransferService' on port 43059.
[2026-09-30T01:20:25.844+0700] {subprocess.py:106} INFO - 26/09/30 01:20:25 INFO NettyBlockTransferService: Server created on 9b9f40ad5c30:43059
[2026-09-30T01:20:25.850+0700] {subprocess.py:106} INFO - 26/09/30 01:20:25 INFO BlockManager: Using org.apache.spark.storage.RandomBlockReplicationPolicy for block replication policy
[2026-09-30T01:20:25.861+0700] {subprocess.py:106} INFO - 26/09/30 01:20:25 INFO StandaloneAppClient$ClientEndpoint: Executor added: app-20260929182025-0000/0 on worker-20260929181947-172.21.0.6-33617 (172.21.0.6:33617) with 2 core(s)
[2026-09-30T01:20:25.865+0700] {subprocess.py:106} INFO - 26/09/30 01:20:25 INFO StandaloneSchedulerBackend: Granted executor ID app-20260929182025-0000/0 on hostPort 172.21.0.6:33617 with 2 core(s), 1024.0 MiB RAM
[2026-09-30T01:20:25.866+0700] {subprocess.py:106} INFO - 26/09/30 01:20:25 INFO BlockManagerMaster: Registering BlockManager BlockManagerId(driver, 9b9f40ad5c30, 43059, None)
[2026-09-30T01:20:25.872+0700] {subprocess.py:106} INFO - 26/09/30 01:20:25 INFO BlockManagerMasterEndpoint: Registering block manager 9b9f40ad5c30:43059 with 434.4 MiB RAM, BlockManagerId(driver, 9b9f40ad5c30, 43059, None)
[2026-09-30T01:20:25.881+0700] {subprocess.py:106} INFO - 26/09/30 01:20:25 INFO BlockManagerMaster: Registered BlockManager BlockManagerId(driver, 9b9f40ad5c30, 43059, None)
[2026-09-30T01:20:25.882+0700] {subprocess.py:106} INFO - 26/09/30 01:20:25 INFO BlockManager: Initialized BlockManager: BlockManagerId(driver, 9b9f40ad5c30, 43059, None)
[2026-09-30T01:20:26.236+0700] {subprocess.py:106} INFO - 26/09/30 01:20:26 INFO StandaloneAppClient$ClientEndpoint: Executor updated: app-20260929182025-0000/0 is now RUNNING
[2026-09-30T01:20:26.399+0700] {subprocess.py:106} INFO - 26/09/30 01:20:26 INFO StandaloneSchedulerBackend: SchedulerBackend is ready for scheduling beginning after reached minRegisteredResourcesRatio: 0.0
[2026-09-30T01:20:35.516+0700] {subprocess.py:106} INFO - INFO:root:pipeline_stage_success stage=check batch_id=scheduled__2026-09-28T18_00_00_00_00 metrics={"spark": true, "control_bucket": "pipeline-control"}
[2026-09-30T01:20:35.517+0700] {subprocess.py:106} INFO - INFO:py4j.clientserver:Closing down clientserver connection
[2026-09-30T01:20:35.822+0700] {subprocess.py:110} INFO - Command exited with return code 0
[2026-09-30T01:20:35.855+0700] {taskinstance.py:341} INFO - ::group::Post task execution logs
[2026-09-30T01:20:35.856+0700] {taskinstance.py:353} INFO - Marking task as SUCCESS. dag_id=banking_bronze_silver_gold, task_id=check_dependencies, run_id=scheduled__2026-09-28T18:00:00+00:00, execution_date=20260928T180000, start_date=20260929T182019, end_date=20260929T182035
[2026-09-30T01:20:35.934+0700] {local_task_job_runner.py:266} INFO - Task exited with return code 0
[2026-09-30T01:20:35.951+0700] {taskinstance.py:3901} INFO - 0 downstream tasks scheduled from follow-on schedule check
[2026-09-30T01:20:35.955+0700] {local_task_job_runner.py:245} INFO - ::endgroup::
