[2026-09-30T01:21:09.605+0700] {local_task_job_runner.py:123} INFO - ::group::Pre task execution logs
[2026-09-30T01:21:09.624+0700] {taskinstance.py:2614} INFO - Dependencies all met for dep_context=non-requeueable deps ti=<TaskInstance: banking_bronze_silver_gold.postgres_to_bronze bootstrap_first_run [queued]>
[2026-09-30T01:21:09.634+0700] {taskinstance.py:2614} INFO - Dependencies all met for dep_context=requeueable deps ti=<TaskInstance: banking_bronze_silver_gold.postgres_to_bronze bootstrap_first_run [queued]>
[2026-09-30T01:21:09.634+0700] {taskinstance.py:2867} INFO - Starting attempt 1 of 3
[2026-09-30T01:21:09.655+0700] {taskinstance.py:2890} INFO - Executing <Task(BashOperator): postgres_to_bronze> on 2026-09-29 18:20:55+00:00
[2026-09-30T01:21:09.661+0700] {standard_task_runner.py:72} INFO - Started process 558 to run task
[2026-09-30T01:21:09.666+0700] {standard_task_runner.py:104} INFO - Running: ['airflow', 'tasks', 'run', 'banking_bronze_silver_gold', 'postgres_to_bronze', 'bootstrap_first_run', '--job-id', '15', '--raw', '--subdir', 'DAGS_FOLDER/banking_data_pipeline.py', '--cfg-path', '/tmp/tmplujrlgxf']
[2026-09-30T01:21:09.668+0700] {standard_task_runner.py:105} INFO - Job 15: Subtask postgres_to_bronze
[2026-09-30T01:21:09.723+0700] {task_command.py:467} INFO - Running <TaskInstance: banking_bronze_silver_gold.postgres_to_bronze bootstrap_first_run [running]> on host 9b9f40ad5c30
[2026-09-30T01:21:09.850+0700] {taskinstance.py:3134} INFO - Exporting env vars: AIRFLOW_CTX_DAG_OWNER='data-platform' AIRFLOW_CTX_DAG_ID='banking_bronze_silver_gold' AIRFLOW_CTX_TASK_ID='postgres_to_bronze' AIRFLOW_CTX_EXECUTION_DATE='2026-09-29T18:20:55+00:00' AIRFLOW_CTX_TRY_NUMBER='1' AIRFLOW_CTX_DAG_RUN_ID='bootstrap_first_run'
[2026-09-30T01:21:09.851+0700] {taskinstance.py:732} INFO - ::endgroup::
[2026-09-30T01:21:09.900+0700] {subprocess.py:78} INFO - Tmp dir root location: /tmp
[2026-09-30T01:21:09.900+0700] {subprocess.py:88} INFO - Running command: ['/usr/bin/bash', '-c', "spark-submit --master $SPARK_MASTER_URL /workspace/data_engineering/jobs/pipeline.py extract --batch-id 'bootstrap_first_run'"]
[2026-09-30T01:21:09.911+0700] {subprocess.py:99} INFO - Output:
[2026-09-30T01:21:09.980+0700] {subprocess.py:106} INFO - /home/airflow/.local/lib/python3.11/site-packages/pyspark/bin/load-spark-env.sh: line 68: ps: command not found
[2026-09-30T01:21:12.746+0700] {subprocess.py:106} INFO - 26/09/30 01:21:12 INFO SparkContext: Running Spark version 3.5.5
[2026-09-30T01:21:12.748+0700] {subprocess.py:106} INFO - 26/09/30 01:21:12 INFO SparkContext: OS info Linux, 6.18.33.2-microsoft-standard-WSL2, amd64
[2026-09-30T01:21:12.749+0700] {subprocess.py:106} INFO - 26/09/30 01:21:12 INFO SparkContext: Java version 17.0.20.1
[2026-09-30T01:21:12.807+0700] {subprocess.py:106} INFO - 26/09/30 01:21:12 WARN NativeCodeLoader: Unable to load native-hadoop library for your platform... using builtin-java classes where applicable
[2026-09-30T01:21:12.910+0700] {subprocess.py:106} INFO - 26/09/30 01:21:12 INFO ResourceUtils: ==============================================================
[2026-09-30T01:21:12.910+0700] {subprocess.py:106} INFO - 26/09/30 01:21:12 INFO ResourceUtils: No custom resources configured for spark.driver.
[2026-09-30T01:21:12.911+0700] {subprocess.py:106} INFO - 26/09/30 01:21:12 INFO ResourceUtils: ==============================================================
[2026-09-30T01:21:12.911+0700] {subprocess.py:106} INFO - 26/09/30 01:21:12 INFO SparkContext: Submitted application: postgres-to-bronze
[2026-09-30T01:21:12.931+0700] {subprocess.py:106} INFO - 26/09/30 01:21:12 INFO ResourceProfile: Default ResourceProfile created, executor resources: Map(memory -> name: memory, amount: 1024, script: , vendor: , offHeap -> name: offHeap, amount: 0, script: , vendor: ), task resources: Map(cpus -> name: cpus, amount: 1.0)
[2026-09-30T01:21:12.938+0700] {subprocess.py:106} INFO - 26/09/30 01:21:12 INFO ResourceProfile: Limiting resource is cpu
[2026-09-30T01:21:12.940+0700] {subprocess.py:106} INFO - 26/09/30 01:21:12 INFO ResourceProfileManager: Added ResourceProfile id: 0
[2026-09-30T01:21:12.983+0700] {subprocess.py:106} INFO - 26/09/30 01:21:12 INFO SecurityManager: Changing view acls to: airflow
[2026-09-30T01:21:12.984+0700] {subprocess.py:106} INFO - 26/09/30 01:21:12 INFO SecurityManager: Changing modify acls to: airflow
[2026-09-30T01:21:12.984+0700] {subprocess.py:106} INFO - 26/09/30 01:21:12 INFO SecurityManager: Changing view acls groups to:
[2026-09-30T01:21:12.985+0700] {subprocess.py:106} INFO - 26/09/30 01:21:12 INFO SecurityManager: Changing modify acls groups to:
[2026-09-30T01:21:12.985+0700] {subprocess.py:106} INFO - 26/09/30 01:21:12 INFO SecurityManager: SecurityManager: authentication disabled; ui acls disabled; users with view permissions: airflow; groups with view permissions: EMPTY; users with modify permissions: airflow; groups with modify permissions: EMPTY
[2026-09-30T01:21:13.205+0700] {subprocess.py:106} INFO - 26/09/30 01:21:13 INFO Utils: Successfully started service 'sparkDriver' on port 40603.
[2026-09-30T01:21:13.233+0700] {subprocess.py:106} INFO - 26/09/30 01:21:13 INFO SparkEnv: Registering MapOutputTracker
[2026-09-30T01:21:13.268+0700] {subprocess.py:106} INFO - 26/09/30 01:21:13 INFO SparkEnv: Registering BlockManagerMaster
[2026-09-30T01:21:13.288+0700] {subprocess.py:106} INFO - 26/09/30 01:21:13 INFO BlockManagerMasterEndpoint: Using org.apache.spark.storage.DefaultTopologyMapper for getting topology information
[2026-09-30T01:21:13.288+0700] {subprocess.py:106} INFO - 26/09/30 01:21:13 INFO BlockManagerMasterEndpoint: BlockManagerMasterEndpoint up
[2026-09-30T01:21:13.295+0700] {subprocess.py:106} INFO - 26/09/30 01:21:13 INFO SparkEnv: Registering BlockManagerMasterHeartbeat
[2026-09-30T01:21:13.319+0700] {subprocess.py:106} INFO - 26/09/30 01:21:13 INFO DiskBlockManager: Created local directory at /tmp/blockmgr-c7eb8f3f-8699-4d02-8671-dd7de1a7831c
[2026-09-30T01:21:13.337+0700] {subprocess.py:106} INFO - 26/09/30 01:21:13 INFO MemoryStore: MemoryStore started with capacity 434.4 MiB
[2026-09-30T01:21:13.383+0700] {subprocess.py:106} INFO - 26/09/30 01:21:13 INFO SparkEnv: Registering OutputCommitCoordinator
[2026-09-30T01:21:13.527+0700] {subprocess.py:106} INFO - 26/09/30 01:21:13 INFO JettyUtils: Start Jetty 0.0.0.0:4040 for SparkUI
[2026-09-30T01:21:13.581+0700] {subprocess.py:106} INFO - 26/09/30 01:21:13 INFO Utils: Successfully started service 'SparkUI' on port 4040.
[2026-09-30T01:21:13.698+0700] {subprocess.py:106} INFO - 26/09/30 01:21:13 INFO StandaloneAppClient$ClientEndpoint: Connecting to master spark://spark-master:7077...
[2026-09-30T01:21:13.751+0700] {subprocess.py:106} INFO - 26/09/30 01:21:13 INFO TransportClientFactory: Successfully created connection to spark-master/172.21.0.5:7077 after 33 ms (0 ms spent in bootstraps)
[2026-09-30T01:21:13.844+0700] {subprocess.py:106} INFO - 26/09/30 01:21:13 INFO StandaloneSchedulerBackend: Connected to Spark cluster with app ID app-20260929182113-0002
[2026-09-30T01:21:13.848+0700] {subprocess.py:106} INFO - 26/09/30 01:21:13 INFO StandaloneAppClient$ClientEndpoint: Executor added: app-20260929182113-0002/0 on worker-20260929181947-172.21.0.6-33617 (172.21.0.6:33617) with 2 core(s)
[2026-09-30T01:21:13.852+0700] {subprocess.py:106} INFO - 26/09/30 01:21:13 INFO StandaloneSchedulerBackend: Granted executor ID app-20260929182113-0002/0 on hostPort 172.21.0.6:33617 with 2 core(s), 1024.0 MiB RAM
[2026-09-30T01:21:13.866+0700] {subprocess.py:106} INFO - 26/09/30 01:21:13 INFO Utils: Successfully started service 'org.apache.spark.network.netty.NettyBlockTransferService' on port 36955.
[2026-09-30T01:21:13.867+0700] {subprocess.py:106} INFO - 26/09/30 01:21:13 INFO NettyBlockTransferService: Server created on 9b9f40ad5c30:36955
[2026-09-30T01:21:13.870+0700] {subprocess.py:106} INFO - 26/09/30 01:21:13 INFO BlockManager: Using org.apache.spark.storage.RandomBlockReplicationPolicy for block replication policy
[2026-09-30T01:21:13.879+0700] {subprocess.py:106} INFO - 26/09/30 01:21:13 INFO BlockManagerMaster: Registering BlockManager BlockManagerId(driver, 9b9f40ad5c30, 36955, None)
[2026-09-30T01:21:13.883+0700] {subprocess.py:106} INFO - 26/09/30 01:21:13 INFO BlockManagerMasterEndpoint: Registering block manager 9b9f40ad5c30:36955 with 434.4 MiB RAM, BlockManagerId(driver, 9b9f40ad5c30, 36955, None)
[2026-09-30T01:21:13.885+0700] {subprocess.py:106} INFO - 26/09/30 01:21:13 INFO BlockManagerMaster: Registered BlockManager BlockManagerId(driver, 9b9f40ad5c30, 36955, None)
[2026-09-30T01:21:13.886+0700] {subprocess.py:106} INFO - 26/09/30 01:21:13 INFO BlockManager: Initialized BlockManager: BlockManagerId(driver, 9b9f40ad5c30, 36955, None)
[2026-09-30T01:21:13.997+0700] {subprocess.py:106} INFO - 26/09/30 01:21:13 INFO StandaloneAppClient$ClientEndpoint: Executor updated: app-20260929182113-0002/0 is now RUNNING
[2026-09-30T01:21:14.218+0700] {subprocess.py:106} INFO - 26/09/30 01:21:14 INFO StandaloneSchedulerBackend: SchedulerBackend is ready for scheduling beginning after reached minRegisteredResourcesRatio: 0.0
[2026-09-30T01:21:24.288+0700] {subprocess.py:106} INFO - 26/09/30 01:21:24 WARN MetricsConfig: Cannot locate configuration: tried hadoop-metrics2-s3a-file-system.properties,hadoop-metrics2.properties
[2026-09-30T01:21:53.394+0700] {subprocess.py:106} INFO - INFO:root:pipeline_stage_success stage=extract batch_id=bootstrap_first_run metrics={"branch": {"strategy": "SNAPSHOT", "input": 13, "output": 13, "watermark_start": null, "watermark_candidate": null, "target": "s3a://bronze/postgres/branch/batch_id=bootstrap_first_run"}, "customer": {"strategy": "SNAPSHOT", "input": 2503, "output": 2503, "watermark_start": null, "watermark_candidate": null, "target": "s3a://bronze/postgres/customer/batch_id=bootstrap_first_run"}, "customer_device": {"strategy": "SNAPSHOT", "input": 3001, "output": 3001, "watermark_start": null, "watermark_candidate": null, "target": "s3a://bronze/postgres/customer_device/batch_id=bootstrap_first_run"}, "login_event": {"strategy": "INCREMENTAL", "input": 3100, "output": 3100, "watermark_start": null, "watermark_candidate": {"timestamp": "2026-06-28 23:20:00", "primary_key": 3100}, "target": "s3a://bronze/postgres/login_event/batch_id=bootstrap_first_run"}, "account_type": {"strategy": "SNAPSHOT", "input": 5, "output": 5, "watermark_start": null, "watermark_candidate": null, "target": "s3a://bronze/postgres/account_type/batch_id=bootstrap_first_run"}, "bank_account": {"strategy": "SNAPSHOT", "input": 3002, "output": 3002, "watermark_start": null, "watermark_candidate": null, "target": "s3a://bronze/postgres/bank_account/batch_id=bootstrap_first_run"}, "account_holder": {"strategy": "SNAPSHOT", "input": 3002, "output": 3002, "watermark_start": null, "watermark_candidate": null, "target": "s3a://bronze/postgres/account_holder/batch_id=bootstrap_first_run"}, "transaction_type": {"strategy": "SNAPSHOT", "input": 6, "output": 6, "watermark_start": null, "watermark_candidate": null, "target": "s3a://bronze/postgres/transaction_type/batch_id=bootstrap_first_run"}, "bank_transaction": {"strategy": "SNAPSHOT", "input": 3009, "output": 3009, "watermark_start": null, "watermark_candidate": null, "target": "s3a://bronze/postgres/bank_transaction/batch_id=bootstrap_first_run"}, "transfer_request": {"strategy": "SNAPSHOT", "input": 1209, "output": 1209, "watermark_start": null, "watermark_candidate": null, "target": "s3a://bronze/postgres/transfer_request/batch_id=bootstrap_first_run"}, "transaction_posting": {"strategy": "INCREMENTAL", "input": 3210, "output": 3210, "watermark_start": null, "watermark_candidate": {"timestamp": "2026-09-30 03:59:15.660179", "primary_key": 3210}, "target": "s3a://bronze/postgres/transaction_posting/batch_id=bootstrap_first_run"}, "loan_type": {"strategy": "SNAPSHOT", "input": 4, "output": 4, "watermark_start": null, "watermark_candidate": null, "target": "s3a://bronze/postgres/loan_type/batch_id=bootstrap_first_run"}, "loan": {"strategy": "SNAPSHOT", "input": 300, "output": 300, "watermark_start": null, "watermark_candidate": null, "target": "s3a://bronze/postgres/loan/batch_id=bootstrap_first_run"}, "repayment_schedule": {"strategy": "SNAPSHOT", "input": 700, "output": 700, "watermark_start": null, "watermark_candidate": null, "target": "s3a://bronze/postgres/repayment_schedule/batch_id=bootstrap_first_run"}, "loan_payment": {"strategy": "INCREMENTAL", "input": 250, "output": 250, "watermark_start": null, "watermark_candidate": {"timestamp": "2026-04-06 22:50:00", "primary_key": 250}, "target": "s3a://bronze/postgres/loan_payment/batch_id=bootstrap_first_run"}, "model_version": {"strategy": "SNAPSHOT", "input": 4, "output": 4, "watermark_start": null, "watermark_candidate": null, "target": "s3a://bronze/postgres/model_version/batch_id=bootstrap_first_run"}, "risk_assessment": {"strategy": "INCREMENTAL", "input": 1509, "output": 1509, "watermark_start": null, "watermark_candidate": {"timestamp": "2026-09-30 03:59:15.706251", "primary_key": 1509}, "target": "s3a://bronze/postgres/risk_assessment/batch_id=bootstrap_first_run"}, "review_case": {"strategy": "SNAPSHOT", "input": 101, "output": 101, "watermark_start": null, "watermark_candidate": null, "target": "s3a://bronze/postgres/review_case/batch_id=bootstrap_first_run"}, "fraud_label_event": {"strategy": "INCREMENTAL", "input": 300, "output": 300, "watermark_start": null, "watermark_candidate": {"timestamp": "2026-09-13 11:00:00", "primary_key": 300}, "target": "s3a://bronze/postgres/fraud_label_event/batch_id=bootstrap_first_run"}, "event_outbox": {"strategy": "SNAPSHOT", "input": 505, "output": 505, "watermark_start": null, "watermark_candidate": null, "target": "s3a://bronze/postgres/event_outbox/batch_id=bootstrap_first_run"}}
[2026-09-30T01:21:53.397+0700] {subprocess.py:106} INFO - INFO:py4j.clientserver:Closing down clientserver connection
[2026-09-30T01:21:53.661+0700] {subprocess.py:110} INFO - Command exited with return code 0
[2026-09-30T01:21:53.693+0700] {taskinstance.py:341} INFO - ::group::Post task execution logs
[2026-09-30T01:21:53.694+0700] {taskinstance.py:353} INFO - Marking task as SUCCESS. dag_id=banking_bronze_silver_gold, task_id=postgres_to_bronze, run_id=bootstrap_first_run, execution_date=20260929T182055, start_date=20260929T182109, end_date=20260929T182153
[2026-09-30T01:21:53.751+0700] {local_task_job_runner.py:266} INFO - Task exited with return code 0
[2026-09-30T01:21:53.798+0700] {taskinstance.py:3901} INFO - 1 downstream tasks scheduled from follow-on schedule check
[2026-09-30T01:21:53.801+0700] {local_task_job_runner.py:245} INFO - ::endgroup::
