[2026-09-30T01:20:56.630+0700] {local_task_job_runner.py:123} INFO - ::group::Pre task execution logs
[2026-09-30T01:20:56.669+0700] {taskinstance.py:2614} INFO - Dependencies all met for dep_context=non-requeueable deps ti=<TaskInstance: banking_bronze_silver_gold.check_dependencies bootstrap_first_run [queued]>
[2026-09-30T01:20:56.685+0700] {taskinstance.py:2614} INFO - Dependencies all met for dep_context=requeueable deps ti=<TaskInstance: banking_bronze_silver_gold.check_dependencies bootstrap_first_run [queued]>
[2026-09-30T01:20:56.685+0700] {taskinstance.py:2867} INFO - Starting attempt 1 of 3
[2026-09-30T01:20:56.705+0700] {taskinstance.py:2890} INFO - Executing <Task(BashOperator): check_dependencies> on 2026-09-29 18:20:55+00:00
[2026-09-30T01:20:56.711+0700] {standard_task_runner.py:72} INFO - Started process 375 to run task
[2026-09-30T01:20:56.714+0700] {standard_task_runner.py:104} INFO - Running: ['airflow', 'tasks', 'run', 'banking_bronze_silver_gold', 'check_dependencies', 'bootstrap_first_run', '--job-id', '14', '--raw', '--subdir', 'DAGS_FOLDER/banking_data_pipeline.py', '--cfg-path', '/tmp/tmplzttsolm']
[2026-09-30T01:20:56.716+0700] {standard_task_runner.py:105} INFO - Job 14: Subtask check_dependencies
[2026-09-30T01:20:56.769+0700] {task_command.py:467} INFO - Running <TaskInstance: banking_bronze_silver_gold.check_dependencies bootstrap_first_run [running]> on host 9b9f40ad5c30
[2026-09-30T01:20:56.894+0700] {taskinstance.py:3134} INFO - Exporting env vars: AIRFLOW_CTX_DAG_OWNER='data-platform' AIRFLOW_CTX_DAG_ID='banking_bronze_silver_gold' AIRFLOW_CTX_TASK_ID='check_dependencies' AIRFLOW_CTX_EXECUTION_DATE='2026-09-29T18:20:55+00:00' AIRFLOW_CTX_TRY_NUMBER='1' AIRFLOW_CTX_DAG_RUN_ID='bootstrap_first_run'
[2026-09-30T01:20:56.896+0700] {taskinstance.py:732} INFO - ::endgroup::
[2026-09-30T01:20:56.923+0700] {subprocess.py:78} INFO - Tmp dir root location: /tmp
[2026-09-30T01:20:56.924+0700] {subprocess.py:88} INFO - Running command: ['/usr/bin/bash', '-c', "spark-submit --master $SPARK_MASTER_URL /workspace/data_engineering/jobs/pipeline.py check --batch-id 'bootstrap_first_run'"]
[2026-09-30T01:20:56.936+0700] {subprocess.py:99} INFO - Output:
[2026-09-30T01:20:57.004+0700] {subprocess.py:106} INFO - /home/airflow/.local/lib/python3.11/site-packages/pyspark/bin/load-spark-env.sh: line 68: ps: command not found
[2026-09-30T01:21:00.433+0700] {subprocess.py:106} INFO - 26/09/30 01:21:00 INFO SparkContext: Running Spark version 3.5.5
[2026-09-30T01:21:00.435+0700] {subprocess.py:106} INFO - 26/09/30 01:21:00 INFO SparkContext: OS info Linux, 6.18.33.2-microsoft-standard-WSL2, amd64
[2026-09-30T01:21:00.435+0700] {subprocess.py:106} INFO - 26/09/30 01:21:00 INFO SparkContext: Java version 17.0.20.1
[2026-09-30T01:21:00.528+0700] {subprocess.py:106} INFO - 26/09/30 01:21:00 WARN NativeCodeLoader: Unable to load native-hadoop library for your platform... using builtin-java classes where applicable
[2026-09-30T01:21:00.619+0700] {subprocess.py:106} INFO - 26/09/30 01:21:00 INFO ResourceUtils: ==============================================================
[2026-09-30T01:21:00.620+0700] {subprocess.py:106} INFO - 26/09/30 01:21:00 INFO ResourceUtils: No custom resources configured for spark.driver.
[2026-09-30T01:21:00.620+0700] {subprocess.py:106} INFO - 26/09/30 01:21:00 INFO ResourceUtils: ==============================================================
[2026-09-30T01:21:00.621+0700] {subprocess.py:106} INFO - 26/09/30 01:21:00 INFO SparkContext: Submitted application: pipeline-dependency-check
[2026-09-30T01:21:00.638+0700] {subprocess.py:106} INFO - 26/09/30 01:21:00 INFO ResourceProfile: Default ResourceProfile created, executor resources: Map(memory -> name: memory, amount: 1024, script: , vendor: , offHeap -> name: offHeap, amount: 0, script: , vendor: ), task resources: Map(cpus -> name: cpus, amount: 1.0)
[2026-09-30T01:21:00.644+0700] {subprocess.py:106} INFO - 26/09/30 01:21:00 INFO ResourceProfile: Limiting resource is cpu
[2026-09-30T01:21:00.645+0700] {subprocess.py:106} INFO - 26/09/30 01:21:00 INFO ResourceProfileManager: Added ResourceProfile id: 0
[2026-09-30T01:21:00.701+0700] {subprocess.py:106} INFO - 26/09/30 01:21:00 INFO SecurityManager: Changing view acls to: airflow
[2026-09-30T01:21:00.702+0700] {subprocess.py:106} INFO - 26/09/30 01:21:00 INFO SecurityManager: Changing modify acls to: airflow
[2026-09-30T01:21:00.702+0700] {subprocess.py:106} INFO - 26/09/30 01:21:00 INFO SecurityManager: Changing view acls groups to:
[2026-09-30T01:21:00.703+0700] {subprocess.py:106} INFO - 26/09/30 01:21:00 INFO SecurityManager: Changing modify acls groups to:
[2026-09-30T01:21:00.703+0700] {subprocess.py:106} INFO - 26/09/30 01:21:00 INFO SecurityManager: SecurityManager: authentication disabled; ui acls disabled; users with view permissions: airflow; groups with view permissions: EMPTY; users with modify permissions: airflow; groups with modify permissions: EMPTY
[2026-09-30T01:21:00.921+0700] {subprocess.py:106} INFO - 26/09/30 01:21:00 INFO Utils: Successfully started service 'sparkDriver' on port 42607.
[2026-09-30T01:21:00.946+0700] {subprocess.py:106} INFO - 26/09/30 01:21:00 INFO SparkEnv: Registering MapOutputTracker
[2026-09-30T01:21:00.975+0700] {subprocess.py:106} INFO - 26/09/30 01:21:00 INFO SparkEnv: Registering BlockManagerMaster
[2026-09-30T01:21:00.993+0700] {subprocess.py:106} INFO - 26/09/30 01:21:00 INFO BlockManagerMasterEndpoint: Using org.apache.spark.storage.DefaultTopologyMapper for getting topology information
[2026-09-30T01:21:00.994+0700] {subprocess.py:106} INFO - 26/09/30 01:21:00 INFO BlockManagerMasterEndpoint: BlockManagerMasterEndpoint up
[2026-09-30T01:21:00.998+0700] {subprocess.py:106} INFO - 26/09/30 01:21:00 INFO SparkEnv: Registering BlockManagerMasterHeartbeat
[2026-09-30T01:21:01.015+0700] {subprocess.py:106} INFO - 26/09/30 01:21:01 INFO DiskBlockManager: Created local directory at /tmp/blockmgr-bdaaaff7-fdbf-4428-9135-84dff137a2f8
[2026-09-30T01:21:01.026+0700] {subprocess.py:106} INFO - 26/09/30 01:21:01 INFO MemoryStore: MemoryStore started with capacity 434.4 MiB
[2026-09-30T01:21:01.041+0700] {subprocess.py:106} INFO - 26/09/30 01:21:01 INFO SparkEnv: Registering OutputCommitCoordinator
[2026-09-30T01:21:01.139+0700] {subprocess.py:106} INFO - 26/09/30 01:21:01 INFO JettyUtils: Start Jetty 0.0.0.0:4040 for SparkUI
[2026-09-30T01:21:01.189+0700] {subprocess.py:106} INFO - 26/09/30 01:21:01 INFO Utils: Successfully started service 'SparkUI' on port 4040.
[2026-09-30T01:21:01.296+0700] {subprocess.py:106} INFO - 26/09/30 01:21:01 INFO StandaloneAppClient$ClientEndpoint: Connecting to master spark://spark-master:7077...
[2026-09-30T01:21:01.350+0700] {subprocess.py:106} INFO - 26/09/30 01:21:01 INFO TransportClientFactory: Successfully created connection to spark-master/172.21.0.5:7077 after 31 ms (0 ms spent in bootstraps)
[2026-09-30T01:21:01.467+0700] {subprocess.py:106} INFO - 26/09/30 01:21:01 INFO StandaloneSchedulerBackend: Connected to Spark cluster with app ID app-20260929182101-0001
[2026-09-30T01:21:01.470+0700] {subprocess.py:106} INFO - 26/09/30 01:21:01 INFO StandaloneAppClient$ClientEndpoint: Executor added: app-20260929182101-0001/0 on worker-20260929181947-172.21.0.6-33617 (172.21.0.6:33617) with 2 core(s)
[2026-09-30T01:21:01.473+0700] {subprocess.py:106} INFO - 26/09/30 01:21:01 INFO StandaloneSchedulerBackend: Granted executor ID app-20260929182101-0001/0 on hostPort 172.21.0.6:33617 with 2 core(s), 1024.0 MiB RAM
[2026-09-30T01:21:01.482+0700] {subprocess.py:106} INFO - 26/09/30 01:21:01 INFO Utils: Successfully started service 'org.apache.spark.network.netty.NettyBlockTransferService' on port 32863.
[2026-09-30T01:21:01.483+0700] {subprocess.py:106} INFO - 26/09/30 01:21:01 INFO NettyBlockTransferService: Server created on 9b9f40ad5c30:32863
[2026-09-30T01:21:01.485+0700] {subprocess.py:106} INFO - 26/09/30 01:21:01 INFO BlockManager: Using org.apache.spark.storage.RandomBlockReplicationPolicy for block replication policy
[2026-09-30T01:21:01.499+0700] {subprocess.py:106} INFO - 26/09/30 01:21:01 INFO BlockManagerMaster: Registering BlockManager BlockManagerId(driver, 9b9f40ad5c30, 32863, None)
[2026-09-30T01:21:01.504+0700] {subprocess.py:106} INFO - 26/09/30 01:21:01 INFO BlockManagerMasterEndpoint: Registering block manager 9b9f40ad5c30:32863 with 434.4 MiB RAM, BlockManagerId(driver, 9b9f40ad5c30, 32863, None)
[2026-09-30T01:21:01.514+0700] {subprocess.py:106} INFO - 26/09/30 01:21:01 INFO BlockManagerMaster: Registered BlockManager BlockManagerId(driver, 9b9f40ad5c30, 32863, None)
[2026-09-30T01:21:01.518+0700] {subprocess.py:106} INFO - 26/09/30 01:21:01 INFO BlockManager: Initialized BlockManager: BlockManagerId(driver, 9b9f40ad5c30, 32863, None)
[2026-09-30T01:21:01.532+0700] {subprocess.py:106} INFO - 26/09/30 01:21:01 INFO StandaloneAppClient$ClientEndpoint: Executor updated: app-20260929182101-0001/0 is now RUNNING
[2026-09-30T01:21:01.877+0700] {subprocess.py:106} INFO - 26/09/30 01:21:01 INFO StandaloneSchedulerBackend: SchedulerBackend is ready for scheduling beginning after reached minRegisteredResourcesRatio: 0.0
[2026-09-30T01:21:08.247+0700] {subprocess.py:106} INFO - INFO:root:pipeline_stage_success stage=check batch_id=bootstrap_first_run metrics={"spark": true, "control_bucket": "pipeline-control"}
[2026-09-30T01:21:08.248+0700] {subprocess.py:106} INFO - INFO:py4j.clientserver:Closing down clientserver connection
[2026-09-30T01:21:08.444+0700] {subprocess.py:110} INFO - Command exited with return code 0
[2026-09-30T01:21:08.470+0700] {taskinstance.py:341} INFO - ::group::Post task execution logs
[2026-09-30T01:21:08.471+0700] {taskinstance.py:353} INFO - Marking task as SUCCESS. dag_id=banking_bronze_silver_gold, task_id=check_dependencies, run_id=bootstrap_first_run, execution_date=20260929T182055, start_date=20260929T182056, end_date=20260929T182108
[2026-09-30T01:21:08.524+0700] {local_task_job_runner.py:266} INFO - Task exited with return code 0
[2026-09-30T01:21:08.562+0700] {taskinstance.py:3901} INFO - 1 downstream tasks scheduled from follow-on schedule check
[2026-09-30T01:21:08.564+0700] {local_task_job_runner.py:245} INFO - ::endgroup::
